Summary
- status: ok
- channels: 1/1 (100.00%)
- operations: 1/1 (100.00%)
- messages: 1/1 (100.00%)
- spec source: local-file (yanote-js/test/fixtures/asyncapi/trait-declarations-trait-v3.yaml)

Coverage Dimensions
- channels: 100.00% (COVERED)
- operations: 100.00% (COVERED)
- messages: 100.00% (COVERED)

Declared Semantics
- operations with declarations: 1
- operations with correlationId: 1
- message correlationIds: 1
- operations with reply: 1
- kafka send orders.command: correlationId=OrderCommand@$message.header#/correlation_id; reply=$message.header#/reply_to

Top Issues
- none

Report Path
.tmp/m014-s01-observe/trait/yanote-async-report.json

YANOTE_ASYNC_SUMMARY status=ok channels=100.00 operations=100.00 messages=100.00 spec_source_kind=local-file spec_source_ref="yanote-js/test/fixtures/asyncapi/trait-declarations-trait-v3.yaml" covered_channels=1/1 covered_operations=1/1 covered_messages=1/1 declared_operations=1 declared_correlation_operations=1 declared_correlation_messages=1 declared_reply_operations=1 diagnostics=0 report=.tmp/m014-s01-observe/trait/yanote-async-report.json primary=none primary_reason="none" class_counts=input:0,semantic:0,gate:0,runtime:0
