Summary
- status: ok
- children: ok=2 partial=0 invalid=0
- http child: ok
- async child: ok

HTTP Child
- status: ok
- operations: 1/1 (100.00%)
- aggregate: 100.00%
- deprecated operations: covered=0/0 uncovered=0 (0.00%)
- payload diagnostics: covered=2 uncovered=0 skipped=0
- request truths: captured-valid=1 captured-invalid=0 redacted=0 omitted=0 unsupported=0
- security truths: satisfied=0 missing=0 unavailable=0 unsupported=0 optional=0 clear=0
- spec source: local-file (scripts/ci/fixtures/m015-s03-combined-http.openapi.yaml)

Async Child
- status: ok
- protocols: amqp
- channels: 1/1 (100.00%)
- operations: 2/2 (100.00%)
- messages: 2/2 (100.00%)
- binding support: total=0 supported=0 declared-only=0 deferred=0 invalid=0
- runtime semantics: operations=0 satisfied=0 unsatisfied=0 coverage=N/A
- spec source: local-file (yanote-js/test/fixtures/asyncapi/spring-rabbitmq-two-service.yaml)

Top Issues
- medium: http - 1 request diagnostics retained
- medium: http - 2 payload diagnostics retained

Child Reports
- http json: .tmp/m015-s03-combined-proof/http-report/out/yanote-report.json
- http html: .tmp/m015-s03-combined-proof/http-report/out/yanote-report.html
- async json: .yanote-ci/live-rabbitmq-proof/yanote-async-report.json
- async html: .yanote-ci/live-rabbitmq-proof/yanote-async-report.html

Report Path
.tmp/m015-s03-combined-proof/combined-report/out/yanote-combined-report.json

YANOTE_COMBINED_SUMMARY status=ok http_status=ok async_status=ok ok_children=2 partial_children=0 invalid_children=0 http_report=.tmp/m015-s03-combined-proof/http-report/out/yanote-report.json async_report=.yanote-ci/live-rabbitmq-proof/yanote-async-report.json protocols=amqp report=.tmp/m015-s03-combined-proof/combined-report/out/yanote-combined-report.json primary=none child=none primary_reason="none" class_counts=input:0,semantic:0,gate:0,runtime:0
