Summary
- status: ok
- operations: 1/1 (100.00%)
- deprecated operations: covered=0/0 uncovered=0 (0.00%)
- spec source: local-file (scripts/ci/fixtures/m015-s03-combined-http.openapi.yaml)

Coverage Dimensions
- operations: 100.00% (COVERED)
- status: 100.00% (COVERED)
- parameters: 100.00% (COVERED)
- aggregate: 100.00% (COVERED)

HTTP Payload Conformance
- request: covered=1 partial=0 uncovered=0 skipped=0 n/a=0 observations=1 valid=1 invalid=0 skipped_observations=0
- response: covered=1 partial=0 uncovered=0 skipped=0 n/a=0 observations=1 valid=1 invalid=0 skipped_observations=0
- diagnostics: covered=2 uncovered=0 skipped=0

HTTP Request Conformance
- observations: operations=1 parameters=1
- truths: captured-valid=1 captured-invalid=0 redacted=0 omitted=0 unsupported=0
- diagnostics: captured-valid=1 captured-invalid=0 redacted=0 omitted=0 unsupported=0

HTTP Security Conformance
- observations: declared=0 observed_operations=1 evaluations=0
- truths: satisfied=0 missing=0 unavailable=0 unsupported=0 optional=0 clear=0
- diagnostics: satisfied=0 missing=0 unavailable=0 unsupported=0 optional=0 clear=0

Top Issues
- none

Report Path
.tmp/m015-s03-combined-proof/http-report/out/yanote-report.json

YANOTE_SUMMARY status=ok operations=100.00 deprecated_operations=0.00 deprecated_total=0 deprecated_covered=0 deprecated_uncovered=0 spec_source_kind=local-file spec_source_ref="scripts/ci/fixtures/m015-s03-combined-http.openapi.yaml" status_dimension=100.00 parameters=100.00 aggregate=100.00 covered=1/1 diagnostics=0 payload_diagnostics=covered:2,uncovered:0,skipped:0 request_observed_operations=1 request_observed_parameters=1 request_truths=captured_valid:1,captured_invalid:0,redacted:0,omitted:0,unsupported:0 security_declared_operations=0 security_observed_operations=1 security_observed_evaluations=0 security_truths=satisfied:0,missing:0,unavailable:0,unsupported:0,optional:0,clear:0 report=.tmp/m015-s03-combined-proof/http-report/out/yanote-report.json primary=none class_counts=input:0,semantic:0,gate:0,runtime:0
